mode: atomic
github.com/kcp-dev/contrib-access-virtual-workspace/pkg/generated/openapi/zz_generated.openapi.go:20.94,80.2 1 0
github.com/kcp-dev/contrib-access-virtual-workspace/pkg/generated/openapi/zz_generated.openapi.go:82.113,110.2 1 0
github.com/kcp-dev/contrib-access-virtual-workspace/pkg/generated/openapi/zz_generated.openapi.go:112.117,153.2 1 0
github.com/kcp-dev/contrib-access-virtual-workspace/pkg/generated/openapi/zz_generated.openapi.go:155.121,202.2 1 0
github.com/kcp-dev/contrib-access-virtual-workspace/pkg/generated/openapi/zz_generated.openapi.go:204.123,231.2 1 0
github.com/kcp-dev/contrib-access-virtual-workspace/pkg/generated/openapi/zz_generated.openapi.go:233.94,314.2 1 0
github.com/kcp-dev/contrib-access-virtual-workspace/pkg/generated/openapi/zz_generated.openapi.go:316.98,363.2 1 0
github.com/kcp-dev/contrib-access-virtual-workspace/pkg/generated/openapi/zz_generated.openapi.go:365.97,485.2 1 0
github.com/kcp-dev/contrib-access-virtual-workspace/pkg/generated/openapi/zz_generated.openapi.go:487.101,542.2 1 0
github.com/kcp-dev/contrib-access-virtual-workspace/pkg/generated/openapi/zz_generated.openapi.go:544.97,611.2 1 0
github.com/kcp-dev/contrib-access-virtual-workspace/pkg/generated/openapi/zz_generated.openapi.go:613.98,675.2 1 0
github.com/kcp-dev/contrib-access-virtual-workspace/pkg/generated/openapi/zz_generated.openapi.go:677.95,736.2 1 0
github.com/kcp-dev/contrib-access-virtual-workspace/pkg/generated/openapi/zz_generated.openapi.go:738.99,797.2 1 0
github.com/kcp-dev/contrib-access-virtual-workspace/pkg/generated/openapi/zz_generated.openapi.go:799.99,880.2 1 0
github.com/kcp-dev/contrib-access-virtual-workspace/pkg/generated/openapi/zz_generated.openapi.go:882.94,892.2 1 0
github.com/kcp-dev/contrib-access-virtual-workspace/pkg/generated/openapi/zz_generated.openapi.go:894.110,942.2 1 0
github.com/kcp-dev/contrib-access-virtual-workspace/pkg/generated/openapi/zz_generated.openapi.go:944.94,953.2 1 0
github.com/kcp-dev/contrib-access-virtual-workspace/pkg/generated/openapi/zz_generated.openapi.go:955.96,987.2 1 0
github.com/kcp-dev/contrib-access-virtual-workspace/pkg/generated/openapi/zz_generated.openapi.go:989.95,1015.2 1 0
github.com/kcp-dev/contrib-access-virtual-workspace/pkg/generated/openapi/zz_generated.openapi.go:1017.99,1043.2 1 0
github.com/kcp-dev/contrib-access-virtual-workspace/pkg/generated/openapi/zz_generated.openapi.go:1045.98,1071.2 1 0
github.com/kcp-dev/contrib-access-virtual-workspace/pkg/generated/openapi/zz_generated.openapi.go:1073.110,1101.2 1 0
github.com/kcp-dev/contrib-access-virtual-workspace/pkg/generated/openapi/zz_generated.openapi.go:1103.102,1136.2 1 0
github.com/kcp-dev/contrib-access-virtual-workspace/pkg/generated/openapi/zz_generated.openapi.go:1138.106,1171.2 1 0
github.com/kcp-dev/contrib-access-virtual-workspace/pkg/generated/openapi/zz_generated.openapi.go:1173.99,1197.2 1 0
github.com/kcp-dev/contrib-access-virtual-workspace/pkg/generated/openapi/zz_generated.openapi.go:1199.99,1252.2 1 0
github.com/kcp-dev/contrib-access-virtual-workspace/pkg/generated/openapi/zz_generated.openapi.go:1254.110,1302.2 1 0
github.com/kcp-dev/contrib-access-virtual-workspace/pkg/generated/openapi/zz_generated.openapi.go:1304.90,1352.2 1 0
github.com/kcp-dev/contrib-access-virtual-workspace/pkg/generated/openapi/zz_generated.openapi.go:1354.94,1393.2 1 0
github.com/kcp-dev/contrib-access-virtual-workspace/pkg/generated/openapi/zz_generated.openapi.go:1395.97,1490.2 1 0
github.com/kcp-dev/contrib-access-virtual-workspace/pkg/generated/openapi/zz_generated.openapi.go:1492.104,1552.2 1 0
github.com/kcp-dev/contrib-access-virtual-workspace/pkg/generated/openapi/zz_generated.openapi.go:1554.95,1564.2 1 0
github.com/kcp-dev/contrib-access-virtual-workspace/pkg/generated/openapi/zz_generated.openapi.go:1566.96,1743.2 1 0
github.com/kcp-dev/contrib-access-virtual-workspace/pkg/generated/openapi/zz_generated.openapi.go:1745.100,1808.2 1 0
github.com/kcp-dev/contrib-access-virtual-workspace/pkg/generated/openapi/zz_generated.openapi.go:1810.107,1844.2 1 0
github.com/kcp-dev/contrib-access-virtual-workspace/pkg/generated/openapi/zz_generated.openapi.go:1846.111,1895.2 1 0
github.com/kcp-dev/contrib-access-virtual-workspace/pkg/generated/openapi/zz_generated.openapi.go:1897.91,1906.2 1 0
github.com/kcp-dev/contrib-access-virtual-workspace/pkg/generated/openapi/zz_generated.openapi.go:1908.98,1974.2 1 0
github.com/kcp-dev/contrib-access-virtual-workspace/pkg/generated/openapi/zz_generated.openapi.go:1976.99,2001.2 1 0
github.com/kcp-dev/contrib-access-virtual-workspace/pkg/generated/openapi/zz_generated.openapi.go:2003.95,2035.2 1 0
github.com/kcp-dev/contrib-access-virtual-workspace/pkg/generated/openapi/zz_generated.openapi.go:2037.111,2065.2 1 0
github.com/kcp-dev/contrib-access-virtual-workspace/pkg/generated/openapi/zz_generated.openapi.go:2067.92,2135.2 1 0
github.com/kcp-dev/contrib-access-virtual-workspace/pkg/generated/openapi/zz_generated.openapi.go:2137.97,2169.2 1 0
github.com/kcp-dev/contrib-access-virtual-workspace/pkg/generated/openapi/zz_generated.openapi.go:2171.99,2238.2 1 0
github.com/kcp-dev/contrib-access-virtual-workspace/pkg/generated/openapi/zz_generated.openapi.go:2240.91,2313.2 1 0
github.com/kcp-dev/contrib-access-virtual-workspace/pkg/generated/openapi/zz_generated.openapi.go:2315.107,2367.2 1 0
github.com/kcp-dev/contrib-access-virtual-workspace/pkg/generated/openapi/zz_generated.openapi.go:2369.98,2401.2 1 0
github.com/kcp-dev/contrib-access-virtual-workspace/pkg/generated/openapi/zz_generated.openapi.go:2403.94,2461.2 1 0
github.com/kcp-dev/contrib-access-virtual-workspace/pkg/generated/openapi/zz_generated.openapi.go:2463.103,2505.2 1 0
github.com/kcp-dev/contrib-access-virtual-workspace/pkg/generated/openapi/zz_generated.openapi.go:2507.90,2517.2 1 0
github.com/kcp-dev/contrib-access-virtual-workspace/pkg/generated/openapi/zz_generated.openapi.go:2519.95,2547.2 1 0
github.com/kcp-dev/contrib-access-virtual-workspace/pkg/generated/openapi/zz_generated.openapi.go:2549.94,2574.2 1 0
github.com/kcp-dev/contrib-access-virtual-workspace/pkg/generated/openapi/zz_generated.openapi.go:2576.99,2635.2 1 0
github.com/kcp-dev/contrib-access-virtual-workspace/pkg/generated/openapi/zz_generated.openapi.go:2637.96,2664.2 1 0
github.com/kcp-dev/contrib-access-virtual-workspace/pkg/generated/openapi/zz_generated.openapi.go:2666.112,2675.2 1 0
github.com/kcp-dev/contrib-access-virtual-workspace/pkg/generated/openapi/zz_generated.openapi.go:2677.108,2700.2 1 0
github.com/kcp-dev/contrib-access-virtual-workspace/pkg/generated/openapi/zz_generated.openapi.go:2702.107,2742.2 1 0
github.com/kcp-dev/contrib-access-virtual-workspace/pkg/generated/openapi/zz_generated.openapi.go:2744.104,2849.2 1 0
github.com/kcp-dev/contrib-access-virtual-workspace/cmd/scar-to-kubeconfig/main.go:47.13,54.18 6 0
github.com/kcp-dev/contrib-access-virtual-workspace/cmd/scar-to-kubeconfig/main.go:54.18,56.3 1 0
github.com/kcp-dev/contrib-access-virtual-workspace/cmd/scar-to-kubeconfig/main.go:58.2,59.16 2 0
github.com/kcp-dev/contrib-access-virtual-workspace/cmd/scar-to-kubeconfig/main.go:59.16,61.3 1 0
github.com/kcp-dev/contrib-access-virtual-workspace/cmd/scar-to-kubeconfig/main.go:62.2,62.24 1 0
github.com/kcp-dev/contrib-access-virtual-workspace/cmd/scar-to-kubeconfig/main.go:62.24,64.3 1 0
github.com/kcp-dev/contrib-access-virtual-workspace/cmd/scar-to-kubeconfig/main.go:66.2,69.16 3 0
github.com/kcp-dev/contrib-access-virtual-workspace/cmd/scar-to-kubeconfig/main.go:69.16,71.3 1 0
github.com/kcp-dev/contrib-access-virtual-workspace/cmd/scar-to-kubeconfig/main.go:73.2,73.58 1 0
github.com/kcp-dev/contrib-access-virtual-workspace/cmd/scar-to-kubeconfig/main.go:73.58,75.3 1 0
github.com/kcp-dev/contrib-access-virtual-workspace/cmd/scar-to-kubeconfig/main.go:77.2,78.105 2 0
github.com/kcp-dev/contrib-access-virtual-workspace/cmd/scar-to-kubeconfig/main.go:81.97,83.14 2 0
github.com/kcp-dev/contrib-access-virtual-workspace/cmd/scar-to-kubeconfig/main.go:83.14,87.3 1 0
github.com/kcp-dev/contrib-access-virtual-workspace/cmd/scar-to-kubeconfig/main.go:89.2,90.16 2 0
github.com/kcp-dev/contrib-access-virtual-workspace/cmd/scar-to-kubeconfig/main.go:90.16,92.3 1 0
github.com/kcp-dev/contrib-access-virtual-workspace/cmd/scar-to-kubeconfig/main.go:93.2,97.16 4 0
github.com/kcp-dev/contrib-access-virtual-workspace/cmd/scar-to-kubeconfig/main.go:97.16,99.3 1 0
github.com/kcp-dev/contrib-access-virtual-workspace/cmd/scar-to-kubeconfig/main.go:100.2,103.16 3 0
github.com/kcp-dev/contrib-access-virtual-workspace/cmd/scar-to-kubeconfig/main.go:103.16,105.3 1 0
github.com/kcp-dev/contrib-access-virtual-workspace/cmd/scar-to-kubeconfig/main.go:107.2,107.79 1 0
github.com/kcp-dev/contrib-access-virtual-workspace/cmd/scar-to-kubeconfig/main.go:107.79,109.3 1 0
github.com/kcp-dev/contrib-access-virtual-workspace/cmd/scar-to-kubeconfig/main.go:111.2,112.52 2 0
github.com/kcp-dev/contrib-access-virtual-workspace/cmd/scar-to-kubeconfig/main.go:112.52,114.3 1 0
github.com/kcp-dev/contrib-access-virtual-workspace/cmd/scar-to-kubeconfig/main.go:116.2,117.41 2 0
github.com/kcp-dev/contrib-access-virtual-workspace/cmd/scar-to-kubeconfig/main.go:117.41,119.3 1 0
github.com/kcp-dev/contrib-access-virtual-workspace/cmd/scar-to-kubeconfig/main.go:120.2,120.17 1 0
github.com/kcp-dev/contrib-access-virtual-workspace/cmd/scar-to-kubeconfig/main.go:128.96,131.29 2 0
github.com/kcp-dev/contrib-access-virtual-workspace/cmd/scar-to-kubeconfig/main.go:131.29,134.15 3 0
github.com/kcp-dev/contrib-access-virtual-workspace/cmd/scar-to-kubeconfig/main.go:134.15,136.4 1 0
github.com/kcp-dev/contrib-access-virtual-workspace/cmd/scar-to-kubeconfig/main.go:137.3,142.32 5 0
github.com/kcp-dev/contrib-access-virtual-workspace/cmd/scar-to-kubeconfig/main.go:145.2,151.15 5 0
github.com/kcp-dev/contrib-access-virtual-workspace/pkg/apis/access/v1alpha1/register.go:33.53,35.2 1 0
github.com/kcp-dev/contrib-access-virtual-workspace/pkg/apis/access/v1alpha1/register.go:37.41,39.2 1 0
github.com/kcp-dev/contrib-access-virtual-workspace/pkg/apis/access/v1alpha1/register.go:41.50,48.2 3 0
github.com/kcp-dev/contrib-access-virtual-workspace/pkg/apis/access/v1alpha1/zz_generated_deepcopy.go:30.79,35.2 4 0
github.com/kcp-dev/contrib-access-virtual-workspace/pkg/apis/access/v1alpha1/zz_generated_deepcopy.go:38.72,39.15 1 0
github.com/kcp-dev/contrib-access-virtual-workspace/pkg/apis/access/v1alpha1/zz_generated_deepcopy.go:39.15,41.3 1 0
github.com/kcp-dev/contrib-access-virtual-workspace/pkg/apis/access/v1alpha1/zz_generated_deepcopy.go:42.2,44.12 3 0
github.com/kcp-dev/contrib-access-virtual-workspace/pkg/apis/access/v1alpha1/zz_generated_deepcopy.go:48.68,50.2 1 0
github.com/kcp-dev/contrib-access-virtual-workspace/pkg/apis/access/v1alpha1/zz_generated_deepcopy.go:54.91,56.24 2 0
github.com/kcp-dev/contrib-access-virtual-workspace/pkg/apis/access/v1alpha1/zz_generated_deepcopy.go:56.24,59.3 2 0
github.com/kcp-dev/contrib-access-virtual-workspace/pkg/apis/access/v1alpha1/zz_generated_deepcopy.go:63.84,64.15 1 0
github.com/kcp-dev/contrib-access-virtual-workspace/pkg/apis/access/v1alpha1/zz_generated_deepcopy.go:64.15,66.3 1 0
github.com/kcp-dev/contrib-access-virtual-workspace/pkg/apis/access/v1alpha1/zz_generated_deepcopy.go:67.2,69.12 3 0
github.com/kcp-dev/contrib-access-virtual-workspace/pkg/apis/access/v1alpha1/zz_generated_deepcopy.go:73.71,75.2 1 0
github.com/kcp-dev/contrib-access-virtual-workspace/pkg/apis/access/v1alpha1/zz_generated_deepcopy.go:78.64,79.15 1 0
github.com/kcp-dev/contrib-access-virtual-workspace/pkg/apis/access/v1alpha1/zz_generated_deepcopy.go:79.15,81.3 1 0
github.com/kcp-dev/contrib-access-virtual-workspace/pkg/apis/access/v1alpha1/zz_generated_deepcopy.go:82.2,84.12 3 0
github.com/kcp-dev/contrib-access-virtual-workspace/pkg/apis/access/v1alpha1/zz_generated_deepcopy.go:88.87,92.21 4 0
github.com/kcp-dev/contrib-access-virtual-workspace/pkg/apis/access/v1alpha1/zz_generated_deepcopy.go:92.21,94.27 2 0
github.com/kcp-dev/contrib-access-virtual-workspace/pkg/apis/access/v1alpha1/zz_generated_deepcopy.go:94.27,96.4 1 0
github.com/kcp-dev/contrib-access-virtual-workspace/pkg/apis/access/v1alpha1/zz_generated_deepcopy.go:101.80,102.15 1 0
github.com/kcp-dev/contrib-access-virtual-workspace/pkg/apis/access/v1alpha1/zz_generated_deepcopy.go:102.15,104.3 1 0
github.com/kcp-dev/contrib-access-virtual-workspace/pkg/apis/access/v1alpha1/zz_generated_deepcopy.go:105.2,107.12 3 0
github.com/kcp-dev/contrib-access-virtual-workspace/pkg/apis/access/v1alpha1/zz_generated_deepcopy.go:111.72,113.2 1 0
github.com/kcp-dev/contrib-access-virtual-workspace/pkg/graph/graph.go:49.32,51.2 1 37
github.com/kcp-dev/contrib-access-virtual-workspace/pkg/graph/graph.go:53.33,55.2 1 14
github.com/kcp-dev/contrib-access-virtual-workspace/pkg/graph/graph.go:77.19,82.2 1 18
github.com/kcp-dev/contrib-access-virtual-workspace/pkg/graph/graph.go:86.81,89.30 3 27
github.com/kcp-dev/contrib-access-virtual-workspace/pkg/graph/graph.go:89.30,91.3 1 20
github.com/kcp-dev/contrib-access-virtual-workspace/pkg/graph/graph.go:92.2,93.33 2 27
github.com/kcp-dev/contrib-access-virtual-workspace/pkg/graph/graph.go:101.70,104.46 3 2
github.com/kcp-dev/contrib-access-virtual-workspace/pkg/graph/graph.go:104.46,106.3 1 1
github.com/kcp-dev/contrib-access-virtual-workspace/pkg/graph/graph.go:107.2,107.33 1 1
github.com/kcp-dev/contrib-access-virtual-workspace/pkg/graph/graph.go:113.65,117.9 4 5
github.com/kcp-dev/contrib-access-virtual-workspace/pkg/graph/graph.go:117.9,119.3 1 1
github.com/kcp-dev/contrib-access-virtual-workspace/pkg/graph/graph.go:120.2,121.24 2 4
github.com/kcp-dev/contrib-access-virtual-workspace/pkg/graph/graph.go:121.24,123.3 1 3
github.com/kcp-dev/contrib-access-virtual-workspace/pkg/graph/graph.go:124.2,124.33 1 4
github.com/kcp-dev/contrib-access-virtual-workspace/pkg/graph/graph.go:124.33,126.3 1 3
github.com/kcp-dev/contrib-access-virtual-workspace/pkg/graph/graph.go:129.62,130.36 1 4
github.com/kcp-dev/contrib-access-virtual-workspace/pkg/graph/graph.go:130.36,131.37 1 2
github.com/kcp-dev/contrib-access-virtual-workspace/pkg/graph/graph.go:131.37,133.4 1 1
github.com/kcp-dev/contrib-access-virtual-workspace/pkg/graph/graph.go:135.2,135.14 1 3
github.com/kcp-dev/contrib-access-virtual-workspace/pkg/graph/graph.go:142.48,145.42 3 1
github.com/kcp-dev/contrib-access-virtual-workspace/pkg/graph/graph.go:145.42,146.37 1 2
github.com/kcp-dev/contrib-access-virtual-workspace/pkg/graph/graph.go:146.37,148.26 2 2
github.com/kcp-dev/contrib-access-virtual-workspace/pkg/graph/graph.go:148.26,150.5 1 1
github.com/kcp-dev/contrib-access-virtual-workspace/pkg/graph/graph.go:153.2,153.30 1 1
github.com/kcp-dev/contrib-access-virtual-workspace/pkg/graph/graph.go:157.28,159.2 1 1
github.com/kcp-dev/contrib-access-virtual-workspace/pkg/graph/graph.go:163.30,165.2 1 2
github.com/kcp-dev/contrib-access-virtual-workspace/pkg/graph/graph.go:175.37,180.39 4 4
github.com/kcp-dev/contrib-access-virtual-workspace/pkg/graph/graph.go:180.39,183.27 3 2
github.com/kcp-dev/contrib-access-virtual-workspace/pkg/graph/graph.go:183.27,185.4 1 2
github.com/kcp-dev/contrib-access-virtual-workspace/pkg/graph/graph.go:186.3,187.24 2 2
github.com/kcp-dev/contrib-access-virtual-workspace/pkg/graph/graph.go:190.2,191.33 2 4
github.com/kcp-dev/contrib-access-virtual-workspace/pkg/graph/graph.go:191.33,193.3 1 2
github.com/kcp-dev/contrib-access-virtual-workspace/pkg/graph/graph.go:195.2,199.3 1 4
github.com/kcp-dev/contrib-access-virtual-workspace/pkg/graph/query.go:24.81,30.38 4 13
github.com/kcp-dev/contrib-access-virtual-workspace/pkg/graph/query.go:30.38,32.3 1 11
github.com/kcp-dev/contrib-access-virtual-workspace/pkg/graph/query.go:34.2,34.31 1 13
github.com/kcp-dev/contrib-access-virtual-workspace/pkg/graph/query.go:34.31,35.41 1 6
github.com/kcp-dev/contrib-access-virtual-workspace/pkg/graph/query.go:35.41,37.4 1 5
github.com/kcp-dev/contrib-access-virtual-workspace/pkg/graph/query.go:40.2,41.22 2 13
github.com/kcp-dev/contrib-access-virtual-workspace/pkg/graph/query.go:41.22,46.3 1 15
github.com/kcp-dev/contrib-access-virtual-workspace/pkg/graph/query.go:47.2,47.38 1 13
github.com/kcp-dev/contrib-access-virtual-workspace/pkg/graph/query.go:47.38,47.88 1 7
github.com/kcp-dev/contrib-access-virtual-workspace/pkg/graph/query.go:48.2,48.12 1 13
github.com/kcp-dev/contrib-access-virtual-workspace/pkg/virtual/virtual.go:63.58,64.125 1 0
github.com/kcp-dev/contrib-access-virtual-workspace/pkg/virtual/virtual.go:64.125,66.69 2 0
github.com/kcp-dev/contrib-access-virtual-workspace/pkg/virtual/virtual.go:66.69,68.4 1 0
github.com/kcp-dev/contrib-access-virtual-workspace/pkg/virtual/virtual.go:69.3,69.78 1 0
github.com/kcp-dev/contrib-access-virtual-workspace/pkg/virtual/virtual.go:92.113,94.2 1 0
github.com/kcp-dev/contrib-access-virtual-workspace/pkg/virtual/virtual.go:97.116,99.2 1 0
github.com/kcp-dev/contrib-access-virtual-workspace/pkg/rbacprovider/informers.go:38.105,45.29 4 0
github.com/kcp-dev/contrib-access-virtual-workspace/pkg/rbacprovider/informers.go:45.29,45.52 1 0
github.com/kcp-dev/contrib-access-virtual-workspace/pkg/rbacprovider/informers.go:46.32,46.55 1 0
github.com/kcp-dev/contrib-access-virtual-workspace/pkg/rbacprovider/informers.go:47.29,47.51 1 0
github.com/kcp-dev/contrib-access-virtual-workspace/pkg/rbacprovider/informers.go:48.17,50.3 1 0
github.com/kcp-dev/contrib-access-virtual-workspace/pkg/rbacprovider/informers.go:52.2,53.29 1 0
github.com/kcp-dev/contrib-access-virtual-workspace/pkg/rbacprovider/informers.go:53.29,53.51 1 0
github.com/kcp-dev/contrib-access-virtual-workspace/pkg/rbacprovider/informers.go:54.32,54.54 1 0
github.com/kcp-dev/contrib-access-virtual-workspace/pkg/rbacprovider/informers.go:55.29,55.50 1 0
github.com/kcp-dev/contrib-access-virtual-workspace/pkg/rbacprovider/informers.go:56.17,58.3 1 0
github.com/kcp-dev/contrib-access-virtual-workspace/pkg/rbacprovider/informers.go:60.2,65.4 2 0
github.com/kcp-dev/contrib-access-virtual-workspace/pkg/rbacprovider/informers.go:65.4,67.3 1 0
github.com/kcp-dev/contrib-access-virtual-workspace/pkg/rbacprovider/informers.go:69.2,72.12 3 0
github.com/kcp-dev/contrib-access-virtual-workspace/pkg/rbacprovider/informers.go:75.49,77.9 2 0
github.com/kcp-dev/contrib-access-virtual-workspace/pkg/rbacprovider/informers.go:77.9,79.3 1 0
github.com/kcp-dev/contrib-access-virtual-workspace/pkg/rbacprovider/informers.go:80.2,81.13 2 0
github.com/kcp-dev/contrib-access-virtual-workspace/pkg/rbacprovider/informers.go:81.13,84.3 2 0
github.com/kcp-dev/contrib-access-virtual-workspace/pkg/rbacprovider/informers.go:85.2,85.76 1 0
github.com/kcp-dev/contrib-access-virtual-workspace/pkg/rbacprovider/informers.go:88.48,90.9 2 0
github.com/kcp-dev/contrib-access-virtual-workspace/pkg/rbacprovider/informers.go:90.9,92.3 1 0
github.com/kcp-dev/contrib-access-virtual-workspace/pkg/rbacprovider/informers.go:93.2,94.13 2 0
github.com/kcp-dev/contrib-access-virtual-workspace/pkg/rbacprovider/informers.go:94.13,97.3 2 0
github.com/kcp-dev/contrib-access-virtual-workspace/pkg/rbacprovider/informers.go:98.2,98.68 1 0
github.com/kcp-dev/contrib-access-virtual-workspace/pkg/rbacprovider/informers.go:106.77,107.30 1 0
github.com/kcp-dev/contrib-access-virtual-workspace/pkg/rbacprovider/informers.go:107.30,109.3 1 0
github.com/kcp-dev/contrib-access-virtual-workspace/pkg/rbacprovider/informers.go:110.2,111.9 2 0
github.com/kcp-dev/contrib-access-virtual-workspace/pkg/rbacprovider/informers.go:111.9,114.3 2 0
github.com/kcp-dev/contrib-access-virtual-workspace/pkg/rbacprovider/informers.go:115.2,116.9 2 0
github.com/kcp-dev/contrib-access-virtual-workspace/pkg/rbacprovider/informers.go:116.9,119.3 2 0
github.com/kcp-dev/contrib-access-virtual-workspace/pkg/rbacprovider/informers.go:120.2,120.26 1 0
github.com/kcp-dev/contrib-access-virtual-workspace/pkg/rbacprovider/informers.go:123.56,125.16 2 0
github.com/kcp-dev/contrib-access-virtual-workspace/pkg/rbacprovider/informers.go:125.16,127.3 1 0
github.com/kcp-dev/contrib-access-virtual-workspace/pkg/rbacprovider/informers.go:128.2,128.44 1 0
github.com/kcp-dev/contrib-access-virtual-workspace/pkg/rbacprovider/multicluster.go:51.97,52.36 1 0
github.com/kcp-dev/contrib-access-virtual-workspace/pkg/rbacprovider/multicluster.go:52.36,54.3 1 0
github.com/kcp-dev/contrib-access-virtual-workspace/pkg/rbacprovider/multicluster.go:56.2,69.16 8 0
github.com/kcp-dev/contrib-access-virtual-workspace/pkg/rbacprovider/multicluster.go:69.16,71.3 1 0
github.com/kcp-dev/contrib-access-virtual-workspace/pkg/rbacprovider/multicluster.go:73.2,77.16 2 0
github.com/kcp-dev/contrib-access-virtual-workspace/pkg/rbacprovider/multicluster.go:77.16,79.3 1 0
github.com/kcp-dev/contrib-access-virtual-workspace/pkg/rbacprovider/multicluster.go:81.2,81.82 1 0
github.com/kcp-dev/contrib-access-virtual-workspace/pkg/rbacprovider/multicluster.go:81.82,83.3 1 0
github.com/kcp-dev/contrib-access-virtual-workspace/pkg/rbacprovider/multicluster.go:85.2,85.91 1 0
github.com/kcp-dev/contrib-access-virtual-workspace/pkg/rbacprovider/multicluster.go:85.91,91.62 1 0
github.com/kcp-dev/contrib-access-virtual-workspace/pkg/rbacprovider/multicluster.go:91.62,93.4 1 0
github.com/kcp-dev/contrib-access-virtual-workspace/pkg/rbacprovider/multicluster.go:95.3,98.13 4 0
github.com/kcp-dev/contrib-access-virtual-workspace/pkg/rbacprovider/multicluster.go:99.18,101.3 1 0
github.com/kcp-dev/contrib-access-virtual-workspace/pkg/rbacprovider/multicluster.go:103.2,103.23 1 0
github.com/kcp-dev/contrib-access-virtual-workspace/pkg/rbacprovider/multicluster.go:111.49,111.50 0 0
github.com/kcp-dev/contrib-access-virtual-workspace/pkg/rbacprovider/multicluster.go:113.67,113.68 0 0
github.com/kcp-dev/contrib-access-virtual-workspace/pkg/rbacprovider/multicluster.go:115.55,117.19 2 0
github.com/kcp-dev/contrib-access-virtual-workspace/pkg/rbacprovider/multicluster.go:117.19,119.3 1 0
github.com/kcp-dev/contrib-access-virtual-workspace/pkg/rbacprovider/multicluster.go:120.2,121.28 2 0
github.com/kcp-dev/contrib-access-virtual-workspace/pkg/rbacprovider/multicluster.go:128.9,132.101 1 0
github.com/kcp-dev/contrib-access-virtual-workspace/pkg/rbacprovider/multicluster.go:132.101,134.4 1 0
github.com/kcp-dev/contrib-access-virtual-workspace/pkg/rbacprovider/multicluster.go:134.19,136.3 1 0
github.com/kcp-dev/contrib-access-virtual-workspace/pkg/rbacprovider/multicluster.go:138.2,141.101 1 0
github.com/kcp-dev/contrib-access-virtual-workspace/pkg/rbacprovider/multicluster.go:141.101,143.4 1 0
github.com/kcp-dev/contrib-access-virtual-workspace/pkg/rbacprovider/multicluster.go:143.19,145.3 1 0
github.com/kcp-dev/contrib-access-virtual-workspace/pkg/rbacprovider/multicluster.go:147.2,147.12 1 0
github.com/kcp-dev/contrib-access-virtual-workspace/pkg/rbacprovider/multicluster.go:156.24,160.16 3 0
github.com/kcp-dev/contrib-access-virtual-workspace/pkg/rbacprovider/multicluster.go:160.16,162.3 1 0
github.com/kcp-dev/contrib-access-virtual-workspace/pkg/rbacprovider/multicluster.go:164.2,165.74 2 0
github.com/kcp-dev/contrib-access-virtual-workspace/pkg/rbacprovider/multicluster.go:165.74,166.32 1 0
github.com/kcp-dev/contrib-access-virtual-workspace/pkg/rbacprovider/multicluster.go:166.32,169.4 2 0
github.com/kcp-dev/contrib-access-virtual-workspace/pkg/rbacprovider/multicluster.go:170.3,170.75 1 0
github.com/kcp-dev/contrib-access-virtual-workspace/pkg/rbacprovider/multicluster.go:172.2,173.32 2 0
github.com/kcp-dev/contrib-access-virtual-workspace/pkg/rbacprovider/multicluster.go:182.24,186.16 3 0
github.com/kcp-dev/contrib-access-virtual-workspace/pkg/rbacprovider/multicluster.go:186.16,188.3 1 0
github.com/kcp-dev/contrib-access-virtual-workspace/pkg/rbacprovider/multicluster.go:190.2,191.73 2 0
github.com/kcp-dev/contrib-access-virtual-workspace/pkg/rbacprovider/multicluster.go:191.73,192.32 1 0
github.com/kcp-dev/contrib-access-virtual-workspace/pkg/rbacprovider/multicluster.go:192.32,195.4 2 0
github.com/kcp-dev/contrib-access-virtual-workspace/pkg/rbacprovider/multicluster.go:196.3,196.68 1 0
github.com/kcp-dev/contrib-access-virtual-workspace/pkg/rbacprovider/multicluster.go:198.2,199.32 2 0
github.com/kcp-dev/contrib-access-virtual-workspace/pkg/rbacprovider/provider.go:84.44,86.2 1 0
github.com/kcp-dev/contrib-access-virtual-workspace/pkg/rbacprovider/provider.go:90.69,93.9 2 0
github.com/kcp-dev/contrib-access-virtual-workspace/pkg/rbacprovider/provider.go:94.61,95.49 1 0
github.com/kcp-dev/contrib-access-virtual-workspace/pkg/rbacprovider/provider.go:97.27,99.17 2 0
github.com/kcp-dev/contrib-access-virtual-workspace/pkg/rbacprovider/provider.go:99.17,101.4 1 0
github.com/kcp-dev/contrib-access-virtual-workspace/pkg/rbacprovider/provider.go:102.3,102.40 1 0
github.com/kcp-dev/contrib-access-virtual-workspace/pkg/rbacprovider/provider.go:104.10,107.13 3 0
github.com/kcp-dev/contrib-access-virtual-workspace/pkg/rbacprovider/provider.go:111.63,113.49 2 0
github.com/kcp-dev/contrib-access-virtual-workspace/pkg/rbacprovider/provider.go:113.49,115.3 1 0
github.com/kcp-dev/contrib-access-virtual-workspace/pkg/rbacprovider/provider.go:117.2,117.25 1 0
github.com/kcp-dev/contrib-access-virtual-workspace/pkg/rbacprovider/translator.go:55.48,61.2 1 18
github.com/kcp-dev/contrib-access-virtual-workspace/pkg/rbacprovider/translator.go:65.125,68.2 2 23
github.com/kcp-dev/contrib-access-virtual-workspace/pkg/rbacprovider/translator.go:71.110,74.2 2 3
github.com/kcp-dev/contrib-access-virtual-workspace/pkg/rbacprovider/translator.go:79.90,81.2 1 6
github.com/kcp-dev/contrib-access-virtual-workspace/pkg/rbacprovider/translator.go:84.94,86.2 1 2
github.com/kcp-dev/contrib-access-virtual-workspace/pkg/rbacprovider/translator.go:91.66,95.30 3 1
github.com/kcp-dev/contrib-access-virtual-workspace/pkg/rbacprovider/translator.go:95.30,96.29 1 3
github.com/kcp-dev/contrib-access-virtual-workspace/pkg/rbacprovider/translator.go:96.29,98.4 1 2
github.com/kcp-dev/contrib-access-virtual-workspace/pkg/rbacprovider/translator.go:100.2,100.21 1 1
github.com/kcp-dev/contrib-access-virtual-workspace/pkg/rbacprovider/translator.go:103.87,114.12 7 26
github.com/kcp-dev/contrib-access-virtual-workspace/pkg/rbacprovider/translator.go:114.12,115.25 1 3
github.com/kcp-dev/contrib-access-virtual-workspace/pkg/rbacprovider/translator.go:115.25,116.31 1 4
github.com/kcp-dev/contrib-access-virtual-workspace/pkg/rbacprovider/translator.go:116.31,118.5 1 1
github.com/kcp-dev/contrib-access-virtual-workspace/pkg/rbacprovider/translator.go:123.2,123.24 1 26
github.com/kcp-dev/contrib-access-virtual-workspace/pkg/rbacprovider/translator.go:123.24,124.13 1 28
github.com/kcp-dev/contrib-access-virtual-workspace/pkg/rbacprovider/translator.go:124.13,125.30 1 4
github.com/kcp-dev/contrib-access-virtual-workspace/pkg/rbacprovider/translator.go:125.30,126.13 1 3
github.com/kcp-dev/contrib-access-virtual-workspace/pkg/rbacprovider/translator.go:129.3,129.48 1 25
github.com/kcp-dev/contrib-access-virtual-workspace/pkg/rbacprovider/translator.go:132.2,132.45 1 26
github.com/kcp-dev/contrib-access-virtual-workspace/pkg/rbacprovider/translator.go:132.45,134.3 1 1
github.com/kcp-dev/contrib-access-virtual-workspace/pkg/rbacprovider/translator.go:137.45,141.2 3 8
github.com/kcp-dev/contrib-access-virtual-workspace/pkg/rbacprovider/translator.go:143.51,145.9 2 10
github.com/kcp-dev/contrib-access-virtual-workspace/pkg/rbacprovider/translator.go:145.9,147.3 1 2
github.com/kcp-dev/contrib-access-virtual-workspace/pkg/rbacprovider/translator.go:148.2,149.35 2 8
github.com/kcp-dev/contrib-access-virtual-workspace/pkg/rbacprovider/translator.go:149.35,151.3 1 8
github.com/kcp-dev/contrib-access-virtual-workspace/pkg/rbacprovider/translator.go:154.109,155.22 1 25
github.com/kcp-dev/contrib-access-virtual-workspace/pkg/rbacprovider/translator.go:155.22,157.3 1 20
github.com/kcp-dev/contrib-access-virtual-workspace/pkg/rbacprovider/translator.go:158.2,158.25 1 25
github.com/kcp-dev/contrib-access-virtual-workspace/pkg/rbacprovider/translator.go:158.25,160.3 1 22
github.com/kcp-dev/contrib-access-virtual-workspace/pkg/rbacprovider/translator.go:161.2,163.11 3 25
github.com/kcp-dev/contrib-access-virtual-workspace/pkg/rbacprovider/translator.go:163.11,165.3 1 22
github.com/kcp-dev/contrib-access-virtual-workspace/pkg/rbacprovider/translator.go:168.92,169.45 1 9
github.com/kcp-dev/contrib-access-virtual-workspace/pkg/rbacprovider/translator.go:169.45,171.3 1 0
github.com/kcp-dev/contrib-access-virtual-workspace/pkg/rbacprovider/translator.go:172.2,173.28 2 9
github.com/kcp-dev/contrib-access-virtual-workspace/pkg/rbacprovider/translator.go:173.28,175.26 2 6
github.com/kcp-dev/contrib-access-virtual-workspace/pkg/rbacprovider/translator.go:175.26,177.4 1 5
github.com/kcp-dev/contrib-access-virtual-workspace/pkg/rbacprovider/translator.go:178.3,178.19 1 6
github.com/kcp-dev/contrib-access-virtual-workspace/pkg/rbacprovider/translator.go:187.86,190.24 3 26
github.com/kcp-dev/contrib-access-virtual-workspace/pkg/rbacprovider/translator.go:190.24,192.10 2 31
github.com/kcp-dev/contrib-access-virtual-workspace/pkg/rbacprovider/translator.go:192.10,193.12 1 2
github.com/kcp-dev/contrib-access-virtual-workspace/pkg/rbacprovider/translator.go:195.3,195.29 1 29
github.com/kcp-dev/contrib-access-virtual-workspace/pkg/rbacprovider/translator.go:195.29,196.12 1 1
github.com/kcp-dev/contrib-access-virtual-workspace/pkg/rbacprovider/translator.go:198.3,199.23 2 28
github.com/kcp-dev/contrib-access-virtual-workspace/pkg/rbacprovider/translator.go:201.2,201.12 1 26
github.com/kcp-dev/contrib-access-virtual-workspace/pkg/rbacprovider/translator.go:204.89,205.17 1 31
github.com/kcp-dev/contrib-access-virtual-workspace/pkg/rbacprovider/translator.go:206.23,207.35 1 24
github.com/kcp-dev/contrib-access-virtual-workspace/pkg/rbacprovider/translator.go:208.24,209.36 1 3
github.com/kcp-dev/contrib-access-virtual-workspace/pkg/rbacprovider/translator.go:210.33,212.22 2 3
github.com/kcp-dev/contrib-access-virtual-workspace/pkg/rbacprovider/translator.go:212.22,214.4 1 2
github.com/kcp-dev/contrib-access-virtual-workspace/pkg/rbacprovider/translator.go:218.3,218.22 1 3
github.com/kcp-dev/contrib-access-virtual-workspace/pkg/rbacprovider/translator.go:218.22,220.4 1 1
github.com/kcp-dev/contrib-access-virtual-workspace/pkg/rbacprovider/translator.go:221.3,221.80 1 2
github.com/kcp-dev/contrib-access-virtual-workspace/pkg/rbacprovider/translator.go:222.10,223.32 1 1
github.com/kcp-dev/contrib-access-virtual-workspace/pkg/rbacprovider/translator.go:227.64,229.23 2 52
github.com/kcp-dev/contrib-access-virtual-workspace/pkg/rbacprovider/translator.go:229.23,231.3 1 32
github.com/kcp-dev/contrib-access-virtual-workspace/pkg/rbacprovider/translator.go:232.2,232.12 1 52
